
> copy-of-rsc-evolution-ai@0.0.0 build
> vite build

[36mvite v6.4.1 [32mbuilding for production...[36m[39m
transforming...
[32mΓ£ô[39m 3 modules transformed.
Γ£ù Build failed in 280ms
error during build:
[vite:css] [postcss] It looks like you're trying to use `tailwindcss` directly as a PostCSS plugin. The PostCSS plugin has moved to a separate package, so to continue using Tailwind CSS with PostCSS you'll need to install `@tailwindcss/postcss` and update your PostCSS configuration.
file: C:/Users/Destiny/Desktop/ai-architect-mmorpg/copy-of-rsc-evolution-ai/index.css:undefined:NaN
    at at (C:\Users\Destiny\Desktop\ai-architect-mmorpg\copy-of-rsc-evolution-ai\node_modules\tailwindcss\dist\lib.js:38:1629)
    at LazyResult.runOnRoot (C:\Users\Destiny\Desktop\ai-architect-mmorpg\copy-of-rsc-evolution-ai\node_modules\postcss\lib\lazy-result.js:361:16)
    at LazyResult.runAsync (C:\Users\Destiny\Desktop\ai-architect-mmorpg\copy-of-rsc-evolution-ai\node_modules\postcss\lib\lazy-result.js:290:26)
    at async runPostCSS (file:///C:/Users/Destiny/Desktop/ai-architect-mmorpg/copy-of-rsc-evolution-ai/node_modules/vite/dist/node/chunks/dep-D4NMHUTW.js:43853:21)
    at async compilePostCSS (file:///C:/Users/Destiny/Desktop/ai-architect-mmorpg/copy-of-rsc-evolution-ai/node_modules/vite/dist/node/chunks/dep-D4NMHUTW.js:43823:18)
    at async compileCSS (file:///C:/Users/Destiny/Desktop/ai-architect-mmorpg/copy-of-rsc-evolution-ai/node_modules/vite/dist/node/chunks/dep-D4NMHUTW.js:43678:27)
    at async Object.handler (file:///C:/Users/Destiny/Desktop/ai-architect-mmorpg/copy-of-rsc-evolution-ai/node_modules/vite/dist/node/chunks/dep-D4NMHUTW.js:42994:11)
    at async transform (file:///C:/Users/Destiny/Desktop/ai-architect-mmorpg/copy-of-rsc-evolution-ai/node_modules/rollup/dist/es/shared/node-entry.js:21163:16)
    at async ModuleLoader.addModuleSource (file:///C:/Users/Destiny/Desktop/ai-architect-mmorpg/copy-of-rsc-evolution-ai/node_modules/rollup/dist/es/shared/node-entry.js:21377:36)
