App.tsx(389,9): error TS2875: This JSX tag requires the module path '@react-three/fiber/jsx-runtime' to exist, but none could be found. Make sure you have types for the appropriate package installed.
App_preswitch_backup.tsx(359,9): error TS2875: This JSX tag requires the module path '@react-three/fiber/jsx-runtime' to exist, but none could be found. Make sure you have types for the appropriate package installed.
components/BankModal.tsx(59,9): error TS2875: This JSX tag requires the module path '@react-three/fiber/jsx-runtime' to exist, but none could be found. Make sure you have types for the appropriate package installed.
components/BootScreen.tsx(71,9): error TS2875: This JSX tag requires the module path '@react-three/fiber/jsx-runtime' to exist, but none could be found. Make sure you have types for the appropriate package installed.
components/CharacterCreator.tsx(77,9): error TS2875: This JSX tag requires the module path '@react-three/fiber/jsx-runtime' to exist, but none could be found. Make sure you have types for the appropriate package installed.
components/CharacterCreator.tsx(86,29): error TS2339: Property 'color' does not exist on type 'JSX.IntrinsicElements'.
components/CharacterCreator.tsx(87,29): error TS2339: Property 'ambientLight' does not exist on type 'JSX.IntrinsicElements'.
components/CharacterCreator.tsx(88,29): error TS2339: Property 'spotLight' does not exist on type 'JSX.IntrinsicElements'.
components/CharacterCreator.tsx(89,29): error TS2339: Property 'pointLight' does not exist on type 'JSX.IntrinsicElements'.
components/CharacterCreator.tsx(91,29): error TS2339: Property 'group' does not exist on type 'JSX.IntrinsicElements'.
components/CharacterCreator.tsx(94,33): error TS2339: Property 'mesh' does not exist on type 'JSX.IntrinsicElements'.
components/CharacterCreator.tsx(95,37): error TS2339: Property 'circleGeometry' does not exist on type 'JSX.IntrinsicElements'.
components/CharacterCreator.tsx(96,37): error TS2339: Property 'meshStandardMaterial' does not exist on type 'JSX.IntrinsicElements'.
components/CharacterCreator.tsx(97,33): error TS2339: Property 'mesh' does not exist on type 'JSX.IntrinsicElements'.
components/CharacterCreator.tsx(98,29): error TS2339: Property 'group' does not exist on type 'JSX.IntrinsicElements'.
components/ContextMenu.tsx(12,9): error TS2875: This JSX tag requires the module path '@react-three/fiber/jsx-runtime' to exist, but none could be found. Make sure you have types for the appropriate package installed.
components/CraftingModal.tsx(34,9): error TS2875: This JSX tag requires the module path '@react-three/fiber/jsx-runtime' to exist, but none could be found. Make sure you have types for the appropriate package installed.
components/DualInventory.tsx(66,9): error TS2875: This JSX tag requires the module path '@react-three/fiber/jsx-runtime' to exist, but none could be found. Make sure you have types for the appropriate package installed.
components/EquipmentToggle.tsx(12,9): error TS2875: This JSX tag requires the module path '@react-three/fiber/jsx-runtime' to exist, but none could be found. Make sure you have types for the appropriate package installed.
components/GameUI.tsx(335,9): error TS2875: This JSX tag requires the module path '@react-three/fiber/jsx-runtime' to exist, but none could be found. Make sure you have types for the appropriate package installed.
components/GlobeScene.tsx(66,9): error TS2339: Property 'group' does not exist on type 'JSX.IntrinsicElements'.
components/GlobeScene.tsx(68,13): error TS2339: Property 'mesh' does not exist on type 'JSX.IntrinsicElements'.
components/GlobeScene.tsx(69,17): error TS2339: Property 'sphereGeometry' does not exist on type 'JSX.IntrinsicElements'.
components/GlobeScene.tsx(70,17): error TS2339: Property 'meshBasicMaterial' does not exist on type 'JSX.IntrinsicElements'.
components/GlobeScene.tsx(71,13): error TS2339: Property 'mesh' does not exist on type 'JSX.IntrinsicElements'.
components/GlobeScene.tsx(74,13): error TS2339: Property 'points' does not exist on type 'JSX.IntrinsicElements'.
components/GlobeScene.tsx(75,17): error TS2339: Property 'bufferGeometry' does not exist on type 'JSX.IntrinsicElements'.
components/GlobeScene.tsx(76,21): error TS2339: Property 'bufferAttribute' does not exist on type 'JSX.IntrinsicElements'.
components/GlobeScene.tsx(82,17): error TS2339: Property 'bufferGeometry' does not exist on type 'JSX.IntrinsicElements'.
components/GlobeScene.tsx(83,17): error TS2339: Property 'pointsMaterial' does not exist on type 'JSX.IntrinsicElements'.
components/GlobeScene.tsx(84,13): error TS2339: Property 'points' does not exist on type 'JSX.IntrinsicElements'.
components/GlobeScene.tsx(87,13): error TS2339: Property 'mesh' does not exist on type 'JSX.IntrinsicElements'.
components/GlobeScene.tsx(88,17): error TS2339: Property 'sphereGeometry' does not exist on type 'JSX.IntrinsicElements'.
components/GlobeScene.tsx(89,17): error TS2339: Property 'meshBasicMaterial' does not exist on type 'JSX.IntrinsicElements'.
components/GlobeScene.tsx(90,13): error TS2339: Property 'mesh' does not exist on type 'JSX.IntrinsicElements'.
components/GlobeScene.tsx(93,13): error TS2339: Property 'mesh' does not exist on type 'JSX.IntrinsicElements'.
components/GlobeScene.tsx(94,17): error TS2339: Property 'sphereGeometry' does not exist on type 'JSX.IntrinsicElements'.
components/GlobeScene.tsx(95,17): error TS2339: Property 'meshBasicMaterial' does not exist on type 'JSX.IntrinsicElements'.
components/GlobeScene.tsx(96,13): error TS2339: Property 'mesh' does not exist on type 'JSX.IntrinsicElements'.
components/GlobeScene.tsx(102,21): error TS2339: Property 'mesh' does not exist on type 'JSX.IntrinsicElements'.
components/GlobeScene.tsx(103,25): error TS2339: Property 'sphereGeometry' does not exist on type 'JSX.IntrinsicElements'.
components/GlobeScene.tsx(104,25): error TS2339: Property 'meshBasicMaterial' does not exist on type 'JSX.IntrinsicElements'.
components/GlobeScene.tsx(112,21): error TS2339: Property 'mesh' does not exist on type 'JSX.IntrinsicElements'.
components/GlobeScene.tsx(124,21): error TS2339: Property 'group' does not exist on type 'JSX.IntrinsicElements'.
components/GlobeScene.tsx(131,25): error TS2339: Property 'mesh' does not exist on type 'JSX.IntrinsicElements'.
components/GlobeScene.tsx(132,29): error TS2339: Property 'boxGeometry' does not exist on type 'JSX.IntrinsicElements'.
components/GlobeScene.tsx(133,29): error TS2339: Property 'meshStandardMaterial' does not exist on type 'JSX.IntrinsicElements'.
components/GlobeScene.tsx(134,25): error TS2339: Property 'mesh' does not exist on type 'JSX.IntrinsicElements'.
components/GlobeScene.tsx(135,25): error TS2339: Property 'mesh' does not exist on type 'JSX.IntrinsicElements'.
components/GlobeScene.tsx(136,29): error TS2339: Property 'cylinderGeometry' does not exist on type 'JSX.IntrinsicElements'.
components/GlobeScene.tsx(137,29): error TS2339: Property 'meshBasicMaterial' does not exist on type 'JSX.IntrinsicElements'.
components/GlobeScene.tsx(138,25): error TS2339: Property 'mesh' does not exist on type 'JSX.IntrinsicElements'.
components/GlobeScene.tsx(154,21): error TS2339: Property 'group' does not exist on type 'JSX.IntrinsicElements'.
components/GlobeScene.tsx(157,9): error TS2339: Property 'group' does not exist on type 'JSX.IntrinsicElements'.
components/GlobeScene.tsx(163,9): error TS2875: This JSX tag requires the module path '@react-three/fiber/jsx-runtime' to exist, but none could be found. Make sure you have types for the appropriate package installed.
components/GlobeScene.tsx(167,21): error TS2339: Property 'color' does not exist on type 'JSX.IntrinsicElements'.
components/GlobeScene.tsx(168,21): error TS2339: Property 'ambientLight' does not exist on type 'JSX.IntrinsicElements'.
components/GlobeScene.tsx(169,21): error TS2339: Property 'pointLight' does not exist on type 'JSX.IntrinsicElements'.
components/LoginScreen.tsx(50,9): error TS2875: This JSX tag requires the module path '@react-three/fiber/jsx-runtime' to exist, but none could be found. Make sure you have types for the appropriate package installed.
components/WorldScene.tsx(64,5): error TS2339: Property 'group' does not exist on type 'JSX.IntrinsicElements'.
components/WorldScene.tsx(64,5): error TS2875: This JSX tag requires the module path '@react-three/fiber/jsx-runtime' to exist, but none could be found. Make sure you have types for the appropriate package installed.
components/WorldScene.tsx(66,9): error TS2339: Property 'mesh' does not exist on type 'JSX.IntrinsicElements'.
components/WorldScene.tsx(67,13): error TS2339: Property 'cylinderGeometry' does not exist on type 'JSX.IntrinsicElements'.
components/WorldScene.tsx(68,13): error TS2339: Property 'meshStandardMaterial' does not exist on type 'JSX.IntrinsicElements'.
components/WorldScene.tsx(69,9): error TS2339: Property 'mesh' does not exist on type 'JSX.IntrinsicElements'.
components/WorldScene.tsx(72,13): error TS2339: Property 'group' does not exist on type 'JSX.IntrinsicElements'.
components/WorldScene.tsx(73,17): error TS2339: Property 'mesh' does not exist on type 'JSX.IntrinsicElements'.
components/WorldScene.tsx(74,21): error TS2339: Property 'coneGeometry' does not exist on type 'JSX.IntrinsicElements'.
components/WorldScene.tsx(75,21): error TS2339: Property 'meshStandardMaterial' does not exist on type 'JSX.IntrinsicElements'.
components/WorldScene.tsx(76,17): error TS2339: Property 'mesh' does not exist on type 'JSX.IntrinsicElements'.
components/WorldScene.tsx(77,13): error TS2339: Property 'group' does not exist on type 'JSX.IntrinsicElements'.
components/WorldScene.tsx(79,5): error TS2339: Property 'group' does not exist on type 'JSX.IntrinsicElements'.
components/WorldScene.tsx(83,5): error TS2339: Property 'group' does not exist on type 'JSX.IntrinsicElements'.
components/WorldScene.tsx(84,9): error TS2339: Property 'mesh' does not exist on type 'JSX.IntrinsicElements'.
components/WorldScene.tsx(85,13): error TS2339: Property 'coneGeometry' does not exist on type 'JSX.IntrinsicElements'.
components/WorldScene.tsx(86,13): error TS2339: Property 'meshStandardMaterial' does not exist on type 'JSX.IntrinsicElements'.
components/WorldScene.tsx(87,9): error TS2339: Property 'mesh' does not exist on type 'JSX.IntrinsicElements'.
components/WorldScene.tsx(88,5): error TS2339: Property 'group' does not exist on type 'JSX.IntrinsicElements'.
components/WorldScene.tsx(92,5): error TS2339: Property 'group' does not exist on type 'JSX.IntrinsicElements'.
components/WorldScene.tsx(93,9): error TS2339: Property 'mesh' does not exist on type 'JSX.IntrinsicElements'.
components/WorldScene.tsx(94,13): error TS2339: Property 'boxGeometry' does not exist on type 'JSX.IntrinsicElements'.
components/WorldScene.tsx(95,13): error TS2339: Property 'meshStandardMaterial' does not exist on type 'JSX.IntrinsicElements'.
components/WorldScene.tsx(96,9): error TS2339: Property 'mesh' does not exist on type 'JSX.IntrinsicElements'.
components/WorldScene.tsx(97,9): error TS2339: Property 'mesh' does not exist on type 'JSX.IntrinsicElements'.
components/WorldScene.tsx(98,13): error TS2339: Property 'coneGeometry' does not exist on type 'JSX.IntrinsicElements'.
components/WorldScene.tsx(99,13): error TS2339: Property 'meshStandardMaterial' does not exist on type 'JSX.IntrinsicElements'.
components/WorldScene.tsx(100,9): error TS2339: Property 'mesh' does not exist on type 'JSX.IntrinsicElements'.
components/WorldScene.tsx(101,5): error TS2339: Property 'group' does not exist on type 'JSX.IntrinsicElements'.
components/WorldScene.tsx(105,5): error TS2339: Property 'group' does not exist on type 'JSX.IntrinsicElements'.
components/WorldScene.tsx(106,9): error TS2339: Property 'mesh' does not exist on type 'JSX.IntrinsicElements'.
components/WorldScene.tsx(107,13): error TS2339: Property 'boxGeometry' does not exist on type 'JSX.IntrinsicElements'.
components/WorldScene.tsx(108,13): error TS2339: Property 'meshStandardMaterial' does not exist on type 'JSX.IntrinsicElements'.
components/WorldScene.tsx(109,9): error TS2339: Property 'mesh' does not exist on type 'JSX.IntrinsicElements'.
components/WorldScene.tsx(110,9): error TS2339: Property 'mesh' does not exist on type 'JSX.IntrinsicElements'.
components/WorldScene.tsx(111,13): error TS2339: Property 'boxGeometry' does not exist on type 'JSX.IntrinsicElements'.
components/WorldScene.tsx(112,13): error TS2339: Property 'meshStandardMaterial' does not exist on type 'JSX.IntrinsicElements'.
components/WorldScene.tsx(113,9): error TS2339: Property 'mesh' does not exist on type 'JSX.IntrinsicElements'.
components/WorldScene.tsx(114,5): error TS2339: Property 'group' does not exist on type 'JSX.IntrinsicElements'.
components/WorldScene.tsx(122,9): error TS2339: Property 'group' does not exist on type 'JSX.IntrinsicElements'.
components/WorldScene.tsx(123,13): error TS2339: Property 'mesh' does not exist on type 'JSX.IntrinsicElements'.
components/WorldScene.tsx(124,17): error TS2339: Property 'boxGeometry' does not exist on type 'JSX.IntrinsicElements'.
components/WorldScene.tsx(125,17): error TS2339: Property 'meshStandardMaterial' does not exist on type 'JSX.IntrinsicElements'.
components/WorldScene.tsx(126,13): error TS2339: Property 'mesh' does not exist on type 'JSX.IntrinsicElements'.
components/WorldScene.tsx(128,13): error TS2339: Property 'mesh' does not exist on type 'JSX.IntrinsicElements'.
components/WorldScene.tsx(129,17): error TS2339: Property 'boxGeometry' does not exist on type 'JSX.IntrinsicElements'.
components/WorldScene.tsx(130,17): error TS2339: Property 'meshStandardMaterial' does not exist on type 'JSX.IntrinsicElements'.
components/WorldScene.tsx(131,13): error TS2339: Property 'mesh' does not exist on type 'JSX.IntrinsicElements'.
components/WorldScene.tsx(132,13): error TS2339: Property 'mesh' does not exist on type 'JSX.IntrinsicElements'.
components/WorldScene.tsx(133,17): error TS2339: Property 'boxGeometry' does not exist on type 'JSX.IntrinsicElements'.
components/WorldScene.tsx(134,17): error TS2339: Property 'meshStandardMaterial' does not exist on type 'JSX.IntrinsicElements'.
components/WorldScene.tsx(135,13): error TS2339: Property 'mesh' does not exist on type 'JSX.IntrinsicElements'.
components/WorldScene.tsx(136,13): error TS2339: Property 'mesh' does not exist on type 'JSX.IntrinsicElements'.
components/WorldScene.tsx(137,17): error TS2339: Property 'boxGeometry' does not exist on type 'JSX.IntrinsicElements'.
components/WorldScene.tsx(138,17): error TS2339: Property 'meshStandardMaterial' does not exist on type 'JSX.IntrinsicElements'.
components/WorldScene.tsx(139,13): error TS2339: Property 'mesh' does not exist on type 'JSX.IntrinsicElements'.
components/WorldScene.tsx(141,13): error TS2339: Property 'mesh' does not exist on type 'JSX.IntrinsicElements'.
components/WorldScene.tsx(142,17): error TS2339: Property 'cylinderGeometry' does not exist on type 'JSX.IntrinsicElements'.
components/WorldScene.tsx(143,17): error TS2339: Property 'meshStandardMaterial' does not exist on type 'JSX.IntrinsicElements'.
components/WorldScene.tsx(144,13): error TS2339: Property 'mesh' does not exist on type 'JSX.IntrinsicElements'.
components/WorldScene.tsx(145,13): error TS2339: Property 'mesh' does not exist on type 'JSX.IntrinsicElements'.
components/WorldScene.tsx(146,17): error TS2339: Property 'cylinderGeometry' does not exist on type 'JSX.IntrinsicElements'.
components/WorldScene.tsx(147,17): error TS2339: Property 'meshStandardMaterial' does not exist on type 'JSX.IntrinsicElements'.
components/WorldScene.tsx(148,13): error TS2339: Property 'mesh' does not exist on type 'JSX.IntrinsicElements'.
components/WorldScene.tsx(149,9): error TS2339: Property 'group' does not exist on type 'JSX.IntrinsicElements'.
components/WorldScene.tsx(166,9): error TS2339: Property 'group' does not exist on type 'JSX.IntrinsicElements'.
components/WorldScene.tsx(167,13): error TS2339: Property 'mesh' does not exist on type 'JSX.IntrinsicElements'.
components/WorldScene.tsx(168,17): error TS2339: Property 'capsuleGeometry' does not exist on type 'JSX.IntrinsicElements'.
components/WorldScene.tsx(169,13): error TS2339: Property 'mesh' does not exist on type 'JSX.IntrinsicElements'.
components/WorldScene.tsx(171,13): error TS2339: Property 'mesh' does not exist on type 'JSX.IntrinsicElements'.
components/WorldScene.tsx(172,17): error TS2339: Property 'torusGeometry' does not exist on type 'JSX.IntrinsicElements'.
components/WorldScene.tsx(173,17): error TS2339: Property 'meshStandardMaterial' does not exist on type 'JSX.IntrinsicElements'.
components/WorldScene.tsx(174,13): error TS2339: Property 'mesh' does not exist on type 'JSX.IntrinsicElements'.
components/WorldScene.tsx(176,9): error TS2339: Property 'group' does not exist on type 'JSX.IntrinsicElements'.
components/WorldScene.tsx(193,13): error TS2339: Property 'group' does not exist on type 'JSX.IntrinsicElements'.
components/WorldScene.tsx(196,21): error TS2339: Property 'mesh' does not exist on type 'JSX.IntrinsicElements'.
components/WorldScene.tsx(197,25): error TS2339: Property 'boxGeometry' does not exist on type 'JSX.IntrinsicElements'.
components/WorldScene.tsx(198,25): error TS2339: Property 'meshStandardMaterial' does not exist on type 'JSX.IntrinsicElements'.
components/WorldScene.tsx(199,21): error TS2339: Property 'mesh' does not exist on type 'JSX.IntrinsicElements'.
components/WorldScene.tsx(203,13): error TS2339: Property 'group' does not exist on type 'JSX.IntrinsicElements'.
components/WorldScene.tsx(209,16): error TS2339: Property 'group' does not exist on type 'JSX.IntrinsicElements'.
components/WorldScene.tsx(209,124): error TS2339: Property 'group' does not exist on type 'JSX.IntrinsicElements'.
components/WorldScene.tsx(214,16): error TS2339: Property 'group' does not exist on type 'JSX.IntrinsicElements'.
components/WorldScene.tsx(214,105): error TS2339: Property 'group' does not exist on type 'JSX.IntrinsicElements'.
components/WorldScene.tsx(219,16): error TS2339: Property 'group' does not exist on type 'JSX.IntrinsicElements'.
components/WorldScene.tsx(219,105): error TS2339: Property 'group' does not exist on type 'JSX.IntrinsicElements'.
components/WorldScene.tsx(224,16): error TS2339: Property 'group' does not exist on type 'JSX.IntrinsicElements'.
components/WorldScene.tsx(224,109): error TS2339: Property 'group' does not exist on type 'JSX.IntrinsicElements'.
components/WorldScene.tsx(232,17): error TS2339: Property 'group' does not exist on type 'JSX.IntrinsicElements'.
components/WorldScene.tsx(233,21): error TS2339: Property 'mesh' does not exist on type 'JSX.IntrinsicElements'.
components/WorldScene.tsx(233,62): error TS2339: Property 'cylinderGeometry' does not exist on type 'JSX.IntrinsicElements'.
components/WorldScene.tsx(233,109): error TS2339: Property 'meshStandardMaterial' does not exist on type 'JSX.IntrinsicElements'.
components/WorldScene.tsx(233,149): error TS2339: Property 'mesh' does not exist on type 'JSX.IntrinsicElements'.
components/WorldScene.tsx(234,21): error TS2339: Property 'mesh' does not exist on type 'JSX.IntrinsicElements'.
components/WorldScene.tsx(234,61): error TS2339: Property 'coneGeometry' does not exist on type 'JSX.IntrinsicElements'.
components/WorldScene.tsx(234,98): error TS2339: Property 'meshStandardMaterial' does not exist on type 'JSX.IntrinsicElements'.
components/WorldScene.tsx(234,138): error TS2339: Property 'mesh' does not exist on type 'JSX.IntrinsicElements'.
components/WorldScene.tsx(235,17): error TS2339: Property 'group' does not exist on type 'JSX.IntrinsicElements'.
components/WorldScene.tsx(241,17): error TS2339: Property 'group' does not exist on type 'JSX.IntrinsicElements'.
components/WorldScene.tsx(242,21): error TS2339: Property 'mesh' does not exist on type 'JSX.IntrinsicElements'.
components/WorldScene.tsx(242,61): error TS2339: Property 'cylinderGeometry' does not exist on type 'JSX.IntrinsicElements'.
components/WorldScene.tsx(242,107): error TS2339: Property 'meshStandardMaterial' does not exist on type 'JSX.IntrinsicElements'.
components/WorldScene.tsx(242,147): error TS2339: Property 'mesh' does not exist on type 'JSX.IntrinsicElements'.
components/WorldScene.tsx(243,21): error TS2339: Property 'mesh' does not exist on type 'JSX.IntrinsicElements'.
components/WorldScene.tsx(243,61): error TS2339: Property 'dodecahedronGeometry' does not exist on type 'JSX.IntrinsicElements'.
components/WorldScene.tsx(243,98): error TS2339: Property 'meshStandardMaterial' does not exist on type 'JSX.IntrinsicElements'.
components/WorldScene.tsx(243,138): error TS2339: Property 'mesh' does not exist on type 'JSX.IntrinsicElements'.
components/WorldScene.tsx(244,17): error TS2339: Property 'group' does not exist on type 'JSX.IntrinsicElements'.
components/WorldScene.tsx(249,13): error TS2339: Property 'group' does not exist on type 'JSX.IntrinsicElements'.
components/WorldScene.tsx(250,17): error TS2339: Property 'mesh' does not exist on type 'JSX.IntrinsicElements'.
components/WorldScene.tsx(250,58): error TS2339: Property 'cylinderGeometry' does not exist on type 'JSX.IntrinsicElements'.
components/WorldScene.tsx(250,105): error TS2339: Property 'meshStandardMaterial' does not exist on type 'JSX.IntrinsicElements'.
components/WorldScene.tsx(250,145): error TS2339: Property 'mesh' does not exist on type 'JSX.IntrinsicElements'.
components/WorldScene.tsx(251,17): error TS2339: Property 'mesh' does not exist on type 'JSX.IntrinsicElements'.
components/WorldScene.tsx(251,57): error TS2339: Property 'coneGeometry' does not exist on type 'JSX.IntrinsicElements'.
components/WorldScene.tsx(251,90): error TS2339: Property 'meshStandardMaterial' does not exist on type 'JSX.IntrinsicElements'.
components/WorldScene.tsx(251,130): error TS2339: Property 'mesh' does not exist on type 'JSX.IntrinsicElements'.
components/WorldScene.tsx(252,13): error TS2339: Property 'group' does not exist on type 'JSX.IntrinsicElements'.
components/WorldScene.tsx(259,13): error TS2339: Property 'group' does not exist on type 'JSX.IntrinsicElements'.
components/WorldScene.tsx(260,17): error TS2339: Property 'mesh' does not exist on type 'JSX.IntrinsicElements'.
components/WorldScene.tsx(260,46): error TS2339: Property 'torusGeometry' does not exist on type 'JSX.IntrinsicElements'.
components/WorldScene.tsx(260,87): error TS2339: Property 'meshStandardMaterial' does not exist on type 'JSX.IntrinsicElements'.
components/WorldScene.tsx(260,168): error TS2339: Property 'mesh' does not exist on type 'JSX.IntrinsicElements'.
components/WorldScene.tsx(262,13): error TS2339: Property 'group' does not exist on type 'JSX.IntrinsicElements'.
components/WorldScene.tsx(269,13): error TS2339: Property 'group' does not exist on type 'JSX.IntrinsicElements'.
components/WorldScene.tsx(270,17): error TS2339: Property 'mesh' does not exist on type 'JSX.IntrinsicElements'.
components/WorldScene.tsx(270,55): error TS2339: Property 'boxGeometry' does not exist on type 'JSX.IntrinsicElements'.
components/WorldScene.tsx(270,91): error TS2339: Property 'meshStandardMaterial' does not exist on type 'JSX.IntrinsicElements'.
components/WorldScene.tsx(270,128): error TS2339: Property 'mesh' does not exist on type 'JSX.IntrinsicElements'.
components/WorldScene.tsx(271,17): error TS2339: Property 'mesh' does not exist on type 'JSX.IntrinsicElements'.
components/WorldScene.tsx(271,49): error TS2339: Property 'boxGeometry' does not exist on type 'JSX.IntrinsicElements'.
components/WorldScene.tsx(271,87): error TS2339: Property 'meshStandardMaterial' does not exist on type 'JSX.IntrinsicElements'.
components/WorldScene.tsx(271,124): error TS2339: Property 'mesh' does not exist on type 'JSX.IntrinsicElements'.
components/WorldScene.tsx(272,17): error TS2339: Property 'pointLight' does not exist on type 'JSX.IntrinsicElements'.
components/WorldScene.tsx(274,13): error TS2339: Property 'group' does not exist on type 'JSX.IntrinsicElements'.
components/WorldScene.tsx(281,13): error TS2339: Property 'group' does not exist on type 'JSX.IntrinsicElements'.
components/WorldScene.tsx(282,17): error TS2339: Property 'mesh' does not exist on type 'JSX.IntrinsicElements'.
components/WorldScene.tsx(282,57): error TS2339: Property 'boxGeometry' does not exist on type 'JSX.IntrinsicElements'.
components/WorldScene.tsx(282,95): error TS2339: Property 'meshStandardMaterial' does not exist on type 'JSX.IntrinsicElements'.
components/WorldScene.tsx(282,132): error TS2339: Property 'mesh' does not exist on type 'JSX.IntrinsicElements'.
components/WorldScene.tsx(283,17): error TS2339: Property 'mesh' does not exist on type 'JSX.IntrinsicElements'.
components/WorldScene.tsx(283,57): error TS2339: Property 'boxGeometry' does not exist on type 'JSX.IntrinsicElements'.
components/WorldScene.tsx(283,93): error TS2339: Property 'meshStandardMaterial' does not exist on type 'JSX.IntrinsicElements'.
components/WorldScene.tsx(283,162): error TS2339: Property 'mesh' does not exist on type 'JSX.IntrinsicElements'.
components/WorldScene.tsx(284,13): error TS2339: Property 'group' does not exist on type 'JSX.IntrinsicElements'.
components/WorldScene.tsx(291,13): error TS2339: Property 'group' does not exist on type 'JSX.IntrinsicElements'.
components/WorldScene.tsx(292,17): error TS2339: Property 'mesh' does not exist on type 'JSX.IntrinsicElements'.
components/WorldScene.tsx(292,57): error TS2339: Property 'boxGeometry' does not exist on type 'JSX.IntrinsicElements'.
components/WorldScene.tsx(292,89): error TS2339: Property 'meshStandardMaterial' does not exist on type 'JSX.IntrinsicElements'.
components/WorldScene.tsx(292,126): error TS2339: Property 'mesh' does not exist on type 'JSX.IntrinsicElements'.
components/WorldScene.tsx(293,17): error TS2339: Property 'mesh' does not exist on type 'JSX.IntrinsicElements'.
components/WorldScene.tsx(293,79): error TS2339: Property 'planeGeometry' does not exist on type 'JSX.IntrinsicElements'.
components/WorldScene.tsx(293,114): error TS2339: Property 'meshStandardMaterial' does not exist on type 'JSX.IntrinsicElements'.
components/WorldScene.tsx(293,151): error TS2339: Property 'mesh' does not exist on type 'JSX.IntrinsicElements'.
components/WorldScene.tsx(294,17): error TS2339: Property 'pointLight' does not exist on type 'JSX.IntrinsicElements'.
components/WorldScene.tsx(295,13): error TS2339: Property 'group' does not exist on type 'JSX.IntrinsicElements'.
components/WorldScene.tsx(302,13): error TS2339: Property 'group' does not exist on type 'JSX.IntrinsicElements'.
components/WorldScene.tsx(303,17): error TS2339: Property 'mesh' does not exist on type 'JSX.IntrinsicElements'.
components/WorldScene.tsx(304,21): error TS2339: Property 'dodecahedronGeometry' does not exist on type 'JSX.IntrinsicElements'.
components/WorldScene.tsx(305,21): error TS2339: Property 'meshStandardMaterial' does not exist on type 'JSX.IntrinsicElements'.
components/WorldScene.tsx(306,17): error TS2339: Property 'mesh' does not exist on type 'JSX.IntrinsicElements'.
components/WorldScene.tsx(307,13): error TS2339: Property 'group' does not exist on type 'JSX.IntrinsicElements'.
components/WorldScene.tsx(314,13): error TS2339: Property 'group' does not exist on type 'JSX.IntrinsicElements'.
components/WorldScene.tsx(315,17): error TS2339: Property 'mesh' does not exist on type 'JSX.IntrinsicElements'.
components/WorldScene.tsx(315,55): error TS2339: Property 'boxGeometry' does not exist on type 'JSX.IntrinsicElements'.
components/WorldScene.tsx(315,87): error TS2339: Property 'meshStandardMaterial' does not exist on type 'JSX.IntrinsicElements'.
components/WorldScene.tsx(315,127): error TS2339: Property 'mesh' does not exist on type 'JSX.IntrinsicElements'.
components/WorldScene.tsx(316,17): error TS2339: Property 'mesh' does not exist on type 'JSX.IntrinsicElements'.
components/WorldScene.tsx(316,59): error TS2339: Property 'boxGeometry' does not exist on type 'JSX.IntrinsicElements'.
components/WorldScene.tsx(316,95): error TS2339: Property 'meshStandardMaterial' does not exist on type 'JSX.IntrinsicElements'.
components/WorldScene.tsx(316,151): error TS2339: Property 'mesh' does not exist on type 'JSX.IntrinsicElements'.
components/WorldScene.tsx(317,13): error TS2339: Property 'group' does not exist on type 'JSX.IntrinsicElements'.
components/WorldScene.tsx(324,13): error TS2339: Property 'group' does not exist on type 'JSX.IntrinsicElements'.
components/WorldScene.tsx(325,17): error TS2339: Property 'mesh' does not exist on type 'JSX.IntrinsicElements'.
components/WorldScene.tsx(325,57): error TS2339: Property 'boxGeometry' does not exist on type 'JSX.IntrinsicElements'.
components/WorldScene.tsx(325,95): error TS2339: Property 'meshStandardMaterial' does not exist on type 'JSX.IntrinsicElements'.
components/WorldScene.tsx(325,135): error TS2339: Property 'mesh' does not exist on type 'JSX.IntrinsicElements'.
components/WorldScene.tsx(326,17): error TS2339: Property 'mesh' does not exist on type 'JSX.IntrinsicElements'.
components/WorldScene.tsx(326,61): error TS2339: Property 'cylinderGeometry' does not exist on type 'JSX.IntrinsicElements'.
components/WorldScene.tsx(326,109): error TS2339: Property 'meshStandardMaterial' does not exist on type 'JSX.IntrinsicElements'.
components/WorldScene.tsx(326,149): error TS2339: Property 'mesh' does not exist on type 'JSX.IntrinsicElements'.
components/WorldScene.tsx(327,13): error TS2339: Property 'group' does not exist on type 'JSX.IntrinsicElements'.
components/WorldScene.tsx(334,13): error TS2339: Property 'group' does not exist on type 'JSX.IntrinsicElements'.
components/WorldScene.tsx(335,17): error TS2339: Property 'mesh' does not exist on type 'JSX.IntrinsicElements'.
components/WorldScene.tsx(335,57): error TS2339: Property 'boxGeometry' does not exist on type 'JSX.IntrinsicElements'.
components/WorldScene.tsx(335,95): error TS2339: Property 'meshStandardMaterial' does not exist on type 'JSX.IntrinsicElements'.
components/WorldScene.tsx(335,135): error TS2339: Property 'mesh' does not exist on type 'JSX.IntrinsicElements'.
components/WorldScene.tsx(336,17): error TS2339: Property 'pointLight' does not exist on type 'JSX.IntrinsicElements'.
components/WorldScene.tsx(337,13): error TS2339: Property 'group' does not exist on type 'JSX.IntrinsicElements'.
components/WorldScene.tsx(344,13): error TS2339: Property 'group' does not exist on type 'JSX.IntrinsicElements'.
components/WorldScene.tsx(345,17): error TS2339: Property 'mesh' does not exist on type 'JSX.IntrinsicElements'.
components/WorldScene.tsx(345,57): error TS2339: Property 'boxGeometry' does not exist on type 'JSX.IntrinsicElements'.
components/WorldScene.tsx(345,93): error TS2339: Property 'meshStandardMaterial' does not exist on type 'JSX.IntrinsicElements'.
components/WorldScene.tsx(345,133): error TS2339: Property 'mesh' does not exist on type 'JSX.IntrinsicElements'.
components/WorldScene.tsx(346,17): error TS2339: Property 'mesh' does not exist on type 'JSX.IntrinsicElements'.
components/WorldScene.tsx(346,57): error TS2339: Property 'planeGeometry' does not exist on type 'JSX.IntrinsicElements'.
components/WorldScene.tsx(346,92): error TS2339: Property 'meshStandardMaterial' does not exist on type 'JSX.IntrinsicElements'.
components/WorldScene.tsx(346,132): error TS2339: Property 'mesh' does not exist on type 'JSX.IntrinsicElements'.
components/WorldScene.tsx(347,13): error TS2339: Property 'group' does not exist on type 'JSX.IntrinsicElements'.
components/WorldScene.tsx(354,13): error TS2339: Property 'group' does not exist on type 'JSX.IntrinsicElements'.
components/WorldScene.tsx(355,17): error TS2339: Property 'mesh' does not exist on type 'JSX.IntrinsicElements'.
components/WorldScene.tsx(355,57): error TS2339: Property 'torusGeometry' does not exist on type 'JSX.IntrinsicElements'.
components/WorldScene.tsx(355,132): error TS2339: Property 'meshStandardMaterial' does not exist on type 'JSX.IntrinsicElements'.
components/WorldScene.tsx(355,172): error TS2339: Property 'mesh' does not exist on type 'JSX.IntrinsicElements'.
components/WorldScene.tsx(356,17): error TS2339: Property 'mesh' does not exist on type 'JSX.IntrinsicElements'.
components/WorldScene.tsx(356,57): error TS2339: Property 'cylinderGeometry' does not exist on type 'JSX.IntrinsicElements'.
components/WorldScene.tsx(356,103): error TS2339: Property 'meshStandardMaterial' does not exist on type 'JSX.IntrinsicElements'.
components/WorldScene.tsx(356,143): error TS2339: Property 'mesh' does not exist on type 'JSX.IntrinsicElements'.
components/WorldScene.tsx(357,13): error TS2339: Property 'group' does not exist on type 'JSX.IntrinsicElements'.
components/WorldScene.tsx(364,13): error TS2339: Property 'group' does not exist on type 'JSX.IntrinsicElements'.
components/WorldScene.tsx(365,17): error TS2339: Property 'mesh' does not exist on type 'JSX.IntrinsicElements'.
components/WorldScene.tsx(365,60): error TS2339: Property 'cylinderGeometry' does not exist on type 'JSX.IntrinsicElements'.
components/WorldScene.tsx(365,108): error TS2339: Property 'meshStandardMaterial' does not exist on type 'JSX.IntrinsicElements'.
components/WorldScene.tsx(365,148): error TS2339: Property 'mesh' does not exist on type 'JSX.IntrinsicElements'.
components/WorldScene.tsx(366,17): error TS2339: Property 'mesh' does not exist on type 'JSX.IntrinsicElements'.
components/WorldScene.tsx(366,59): error TS2339: Property 'cylinderGeometry' does not exist on type 'JSX.IntrinsicElements'.
components/WorldScene.tsx(366,107): error TS2339: Property 'meshStandardMaterial' does not exist on type 'JSX.IntrinsicElements'.
components/WorldScene.tsx(366,147): error TS2339: Property 'mesh' does not exist on type 'JSX.IntrinsicElements'.
components/WorldScene.tsx(367,17): error TS2339: Property 'mesh' does not exist on type 'JSX.IntrinsicElements'.
components/WorldScene.tsx(367,57): error TS2339: Property 'planeGeometry' does not exist on type 'JSX.IntrinsicElements'.
components/WorldScene.tsx(367,92): error TS2339: Property 'meshStandardMaterial' does not exist on type 'JSX.IntrinsicElements'.
components/WorldScene.tsx(367,141): error TS2339: Property 'mesh' does not exist on type 'JSX.IntrinsicElements'.
components/WorldScene.tsx(368,13): error TS2339: Property 'group' does not exist on type 'JSX.IntrinsicElements'.
components/WorldScene.tsx(375,13): error TS2339: Property 'group' does not exist on type 'JSX.IntrinsicElements'.
components/WorldScene.tsx(376,17): error TS2339: Property 'mesh' does not exist on type 'JSX.IntrinsicElements'.
components/WorldScene.tsx(376,57): error TS2339: Property 'boxGeometry' does not exist on type 'JSX.IntrinsicElements'.
components/WorldScene.tsx(376,95): error TS2339: Property 'meshStandardMaterial' does not exist on type 'JSX.IntrinsicElements'.
components/WorldScene.tsx(376,135): error TS2339: Property 'mesh' does not exist on type 'JSX.IntrinsicElements'.
components/WorldScene.tsx(377,17): error TS2339: Property 'mesh' does not exist on type 'JSX.IntrinsicElements'.
components/WorldScene.tsx(377,61): error TS2339: Property 'cylinderGeometry' does not exist on type 'JSX.IntrinsicElements'.
components/WorldScene.tsx(377,109): error TS2339: Property 'meshStandardMaterial' does not exist on type 'JSX.IntrinsicElements'.
components/WorldScene.tsx(377,149): error TS2339: Property 'mesh' does not exist on type 'JSX.IntrinsicElements'.
components/WorldScene.tsx(378,17): error TS2339: Property 'mesh' does not exist on type 'JSX.IntrinsicElements'.
components/WorldScene.tsx(378,62): error TS2339: Property 'cylinderGeometry' does not exist on type 'JSX.IntrinsicElements'.
components/WorldScene.tsx(378,110): error TS2339: Property 'meshStandardMaterial' does not exist on type 'JSX.IntrinsicElements'.
components/WorldScene.tsx(378,150): error TS2339: Property 'mesh' does not exist on type 'JSX.IntrinsicElements'.
components/WorldScene.tsx(379,13): error TS2339: Property 'group' does not exist on type 'JSX.IntrinsicElements'.
components/WorldScene.tsx(385,9): error TS2339: Property 'mesh' does not exist on type 'JSX.IntrinsicElements'.
components/WorldScene.tsx(386,13): error TS2339: Property 'boxGeometry' does not exist on type 'JSX.IntrinsicElements'.
components/WorldScene.tsx(387,13): error TS2339: Property 'meshStandardMaterial' does not exist on type 'JSX.IntrinsicElements'.
components/WorldScene.tsx(388,9): error TS2339: Property 'mesh' does not exist on type 'JSX.IntrinsicElements'.
components/WorldScene.tsx(412,9): error TS2339: Property 'group' does not exist on type 'JSX.IntrinsicElements'.
components/WorldScene.tsx(414,13): error TS2339: Property 'mesh' does not exist on type 'JSX.IntrinsicElements'.
components/WorldScene.tsx(415,17): error TS2339: Property 'cylinderGeometry' does not exist on type 'JSX.IntrinsicElements'.
components/WorldScene.tsx(416,17): error TS2339: Property 'meshStandardMaterial' does not exist on type 'JSX.IntrinsicElements'.
components/WorldScene.tsx(417,13): error TS2339: Property 'mesh' does not exist on type 'JSX.IntrinsicElements'.
components/WorldScene.tsx(419,13): error TS2339: Property 'mesh' does not exist on type 'JSX.IntrinsicElements'.
components/WorldScene.tsx(420,17): error TS2339: Property 'sphereGeometry' does not exist on type 'JSX.IntrinsicElements'.
components/WorldScene.tsx(421,17): error TS2339: Property 'meshStandardMaterial' does not exist on type 'JSX.IntrinsicElements'.
components/WorldScene.tsx(422,13): error TS2339: Property 'mesh' does not exist on type 'JSX.IntrinsicElements'.
components/WorldScene.tsx(424,13): error TS2339: Property 'mesh' does not exist on type 'JSX.IntrinsicElements'.
components/WorldScene.tsx(425,17): error TS2339: Property 'cylinderGeometry' does not exist on type 'JSX.IntrinsicElements'.
components/WorldScene.tsx(426,17): error TS2339: Property 'meshStandardMaterial' does not exist on type 'JSX.IntrinsicElements'.
components/WorldScene.tsx(427,13): error TS2339: Property 'mesh' does not exist on type 'JSX.IntrinsicElements'.
components/WorldScene.tsx(428,13): error TS2339: Property 'mesh' does not exist on type 'JSX.IntrinsicElements'.
components/WorldScene.tsx(429,17): error TS2339: Property 'cylinderGeometry' does not exist on type 'JSX.IntrinsicElements'.
components/WorldScene.tsx(430,17): error TS2339: Property 'meshStandardMaterial' does not exist on type 'JSX.IntrinsicElements'.
components/WorldScene.tsx(431,13): error TS2339: Property 'mesh' does not exist on type 'JSX.IntrinsicElements'.
components/WorldScene.tsx(433,13): error TS2339: Property 'mesh' does not exist on type 'JSX.IntrinsicElements'.
components/WorldScene.tsx(434,17): error TS2339: Property 'boxGeometry' does not exist on type 'JSX.IntrinsicElements'.
components/WorldScene.tsx(435,17): error TS2339: Property 'meshStandardMaterial' does not exist on type 'JSX.IntrinsicElements'.
components/WorldScene.tsx(436,13): error TS2339: Property 'mesh' does not exist on type 'JSX.IntrinsicElements'.
components/WorldScene.tsx(437,13): error TS2339: Property 'mesh' does not exist on type 'JSX.IntrinsicElements'.
components/WorldScene.tsx(438,17): error TS2339: Property 'boxGeometry' does not exist on type 'JSX.IntrinsicElements'.
components/WorldScene.tsx(439,17): error TS2339: Property 'meshStandardMaterial' does not exist on type 'JSX.IntrinsicElements'.
components/WorldScene.tsx(440,13): error TS2339: Property 'mesh' does not exist on type 'JSX.IntrinsicElements'.
components/WorldScene.tsx(441,9): error TS2339: Property 'group' does not exist on type 'JSX.IntrinsicElements'.
components/WorldScene.tsx(463,5): error TS2339: Property 'group' does not exist on type 'JSX.IntrinsicElements'.
components/WorldScene.tsx(465,13): error TS2339: Property 'group' does not exist on type 'JSX.IntrinsicElements'.
components/WorldScene.tsx(476,25): error TS2339: Property 'mesh' does not exist on type 'JSX.IntrinsicElements'.
components/WorldScene.tsx(477,29): error TS2339: Property 'planeGeometry' does not exist on type 'JSX.IntrinsicElements'.
components/WorldScene.tsx(478,29): error TS2339: Property 'meshStandardMaterial' does not exist on type 'JSX.IntrinsicElements'.
components/WorldScene.tsx(479,25): error TS2339: Property 'mesh' does not exist on type 'JSX.IntrinsicElements'.
components/WorldScene.tsx(482,13): error TS2339: Property 'group' does not exist on type 'JSX.IntrinsicElements'.
components/WorldScene.tsx(484,5): error TS2339: Property 'group' does not exist on type 'JSX.IntrinsicElements'.
components/WorldScene.tsx(614,21): error TS2339: Property 'color' does not exist on type 'JSX.IntrinsicElements'.
components/WorldScene.tsx(615,21): error TS2339: Property 'fog' does not exist on type 'JSX.IntrinsicElements'.
components/WorldScene.tsx(622,21): error TS2339: Property 'ambientLight' does not exist on type 'JSX.IntrinsicElements'.
components/WorldScene.tsx(623,21): error TS2339: Property 'pointLight' does not exist on type 'JSX.IntrinsicElements'.
components/WorldScene.tsx(628,21): error TS2339: Property 'group' does not exist on type 'JSX.IntrinsicElements'.
components/WorldScene.tsx(631,21): error TS2339: Property 'group' does not exist on type 'JSX.IntrinsicElements'.
components/WorldScene.tsx(635,25): error TS2339: Property 'group' does not exist on type 'JSX.IntrinsicElements'.
components/WorldScene.tsx(638,25): error TS2339: Property 'group' does not exist on type 'JSX.IntrinsicElements'.
components/WorldScene.tsx(663,25): error TS2339: Property 'group' does not exist on type 'JSX.IntrinsicElements'.
components/WorldScene.tsx(716,29): error TS2339: Property 'mesh' does not exist on type 'JSX.IntrinsicElements'.
components/WorldScene.tsx(717,33): error TS2339: Property 'capsuleGeometry' does not exist on type 'JSX.IntrinsicElements'.
components/WorldScene.tsx(718,33): error TS2339: Property 'meshStandardMaterial' does not exist on type 'JSX.IntrinsicElements'.
components/WorldScene.tsx(719,29): error TS2339: Property 'mesh' does not exist on type 'JSX.IntrinsicElements'.
components/WorldScene.tsx(721,25): error TS2339: Property 'group' does not exist on type 'JSX.IntrinsicElements'.
components/WorldScene.tsx(726,25): error TS2339: Property 'group' does not exist on type 'JSX.IntrinsicElements'.
components/WorldScene.tsx(743,29): error TS2339: Property 'mesh' does not exist on type 'JSX.IntrinsicElements'.
components/WorldScene.tsx(743,58): error TS2339: Property 'boxGeometry' does not exist on type 'JSX.IntrinsicElements'.
components/WorldScene.tsx(743,96): error TS2339: Property 'meshStandardMaterial' does not exist on type 'JSX.IntrinsicElements'.
components/WorldScene.tsx(743,136): error TS2339: Property 'mesh' does not exist on type 'JSX.IntrinsicElements'.
components/WorldScene.tsx(744,25): error TS2339: Property 'group' does not exist on type 'JSX.IntrinsicElements'.
components/WorldScene.tsx(748,21): error TS2339: Property 'mesh' does not exist on type 'JSX.IntrinsicElements'.
components/WorldScene.tsx(749,25): error TS2339: Property 'planeGeometry' does not exist on type 'JSX.IntrinsicElements'.
components/WorldScene.tsx(750,25): error TS2339: Property 'meshStandardMaterial' does not exist on type 'JSX.IntrinsicElements'.
components/WorldScene.tsx(751,21): error TS2339: Property 'mesh' does not exist on type 'JSX.IntrinsicElements'.
index.tsx(14,3): error TS2875: This JSX tag requires the module path '@react-three/fiber/jsx-runtime' to exist, but none could be found. Make sure you have types for the appropriate package installed.
